// Jest Snapshot v1, https://goo.gl/fbAQLP

exports[`renders correctly 1`] = `
<tr>
  <td>
    <a
      href="/detail/:undefined"
      onClick={[Function]}
    >
      <button
        className="arrow right"
        onClick={[Function]}
        type="button"
      >
         
      </button>
    </a>
  </td>
  <td />
  <td
    className="price"
  />
</tr>
`;